GHCi, version 9.0.2: https://www.haskell.org/ghc/  :? for help
Loaded GHCi configuration from /home/yuwa/bprog2022/.ghci
2022-05-19 15:41:26.069557776
>>> 23 + 5
28
2022-05-19 15:54:17.066999297
>>> 3 + 2 * 5
13
2022-05-19 15:55:07.962281059
>>> (3 + 2) * 5
25
2022-05-19 15:55:43.346388864
>>> 5 - 4 - 8
-7
2022-05-19 15:56:01.844667229
>>> sqrt 2
1.4142135623730951
2022-05-19 15:59:46.781332025
>>> double 3

<interactive>:6:1: error: Variable not in scope: double :: t0 -> t
2022-05-19 16:02:19.665297932
>>> GHCi, version 9.0.2: https://www.haskell.org/ghc/  :? for help
Loaded GHCi configuration from /home/yuwa/bprog2022/.ghci
2022-05-26 15:02:17.77708079
>>> maxBound :: Int
9223372036854775807
2022-05-26 15:03:37.596313254
>>> 2 ^ 63 - 1
9223372036854775807
2022-05-26 15:05:09.661245993
>>> minBound :: Int
-9223372036854775808
2022-05-26 15:05:42.713088493
>>> :e src/First.hs
   1  module First where
   2  
   3  double :: Int -> Int
   4  double x = x + x
Ok, no modules loaded.
2022-05-26 15:49:07.071957405
>>> :l src/First.hs
[1 of 1] Compiling First            ( src/First.hs, interpreted )
Ok, one module loaded.
2022-05-26 15:49:07.146367034
>>> double 3
6
2022-05-26 15:56:21.73921268
>>> double 123
246
2022-05-26 15:57:03.241196508
>>> double (1 + 3)
8
2022-05-26 15:57:31.053923941
>>> :q
Leaving GHCi.
GHCi, version 9.0.2: https://www.haskell.org/ghc/  :? for help
Loaded GHCi configuration from /home/yuwa/bprog2022/.ghci
2022-06-09 14:55:21.078476439
>>> 2 + 3 * 4
14
2022-06-09 14:58:55.430765679
>>> (2 + 3) * 4
20
2022-06-09 15:00:21.082083576
>>> :i sqrt
type Floating :: * -> Constraint
class Fractional a => Floating a where
  ...
  sqrt :: a -> a
  ...
  	-- Defined in ‘GHC.Float’
2022-06-09 15:00:47.734061236
>>> sqrt (3 ^ 2 + 4 ^ 2)
5.0
2022-06-09 15:05:17.069947036
>>> sqrt (25 :: Int)

<interactive>:5:1: error:
    • No instance for (Floating Int) arising from a use of ‘sqrt’
    • In the expression: sqrt (25 :: Int)
      In an equation for ‘it’: it = sqrt (25 :: Int)
2022-06-09 15:08:21.421137819
>>> sqrt (25 :: Double)
5.0
2022-06-09 15:09:55.360319133
>>> sqrt 25
5.0
2022-06-09 15:10:28.585094946
>>> hoge 25 :: Int

<interactive>:8:1: error: Variable not in scope: hoge :: t0 -> Int
2022-06-09 15:14:04.063267209
>>> head[1, 2, 3]
1
2022-06-09 15:47:09.264464025
>>> head [3, 1, 4, 1, 5]
3
2022-06-09 15:47:46.196507249
>>> head []
*** Exception: Prelude.head: empty list
2022-06-09 15:49:00.06694909
>>> hoge = [3, 1, 4, 1, 5] :: [Int]
2022-06-09 15:50:56.300305873
>>> hoge
[3,1,4,1,5]
2022-06-09 15:51:13.742996291
>>> head hoge
3
2022-06-09 15:51:34.87755179
>>> tail hoge
[1,4,1,5]
2022-06-09 15:51:49.175443094
>>> tail []
*** Exception: Prelude.tail: empty list
2022-06-09 15:52:48.534644218
>>> hoge !! 0
3
2022-06-09 15:55:06.783697517
>>> hoge 2 !! hoge

<interactive>:18:1: error:
    • Couldn't match expected type: t0 -> [a]
                  with actual type: [Int]
    • The function ‘hoge’ is applied to one value argument,
        but its type ‘[Int]’ has none
      In the first argument of ‘(!!)’, namely ‘hoge 2’
      In the expression: hoge 2 !! hoge
    • Relevant bindings include it :: a (bound at <interactive>:18:1)

<interactive>:18:11: error:
    • Couldn't match expected type ‘Int’ with actual type ‘[Int]’
    • In the second argument of ‘(!!)’, namely ‘hoge’
      In the expression: hoge 2 !! hoge
      In an equation for ‘it’: it = hoge 2 !! hoge
2022-06-09 15:56:20.128969516
>>> hoge !! 2
4
2022-06-09 15:56:47.685806129
>>> take 3 hoge
[3,1,4]
2022-06-09 15:57:13.459313581
>>> drop 3 hoge
[1,5]
2022-06-09 15:57:30.660260301
>>> hoge 5 hoge

<interactive>:22:1: error:
    • Couldn't match expected type: t0 -> [Int] -> t
                  with actual type: [Int]
    • The function ‘hoge’ is applied to two value arguments,
        but its type ‘[Int]’ has none
      In the expression: hoge 5 hoge
      In an equation for ‘it’: it = hoge 5 hoge
    • Relevant bindings include it :: t (bound at <interactive>:22:1)
2022-06-09 15:58:34.396993742
>>> hoge !! 5
*** Exception: Prelude.!!: index too large
2022-06-09 15:59:06.87302043
>>> take 10 hoge
[3,1,4,1,5]
2022-06-09 15:59:25.019970163
>>> drop 10 hoge
[]
2022-06-09 15:59:59.578202852
>>> length hoge
5
2022-06-09 16:01:21.216910347
>>> sum hoge
14
2022-06-09 16:02:07.008161828
>>> product hoge
60
2022-06-09 16:03:08.859926333
>>> hoge ++ hoge
[3,1,4,1,5,3,1,4,1,5]
2022-06-09 16:05:05.820311104
>>> reverse hoge
[5,1,4,1,3]
2022-06-09 16:05:50.103540668
>>> :e src/First.hs
   1  module First where
   2  
   3  double :: Int -> Int
   4  double x = x + x
Ok, no modules loaded.
2022-06-09 16:07:57.171440797
>>> :load src/First.hs
[1 of 1] Compiling First            ( src/First.hs, interpreted )
Ok, one module loaded.
2022-06-09 16:07:57.216200611
>>> double 3 + 3
9
2022-06-09 16:08:40.278433788
>>> double (3 + 3)
12
2022-06-09 16:11:59.212191412
>>> puadruple 2

<interactive>:35:1: error:
    Variable not in scope: puadruple :: t0 -> t
2022-06-09 16:15:41.893424567
>>> git add .

<interactive>:36:10: error:
    parse error (possibly incorrect indentation or mismatched brackets)
2022-06-09 16:17:26.574726395
>>> :quit
Leaving GHCi.
GHCi, version 9.0.2: https://www.haskell.org/ghc/  :? for help
Loaded GHCi configuration from /home/yuwa/bprog2022/.ghci
2022-06-16 15:02:10.57143578
>>> GHCi, version 9.0.2: https://www.haskell.org/ghc/  :? for help
Loaded GHCi configuration from /home/yuwa/bprog2022/.ghci
2022-06-16 15:03:47.679758031
>>> take 3 [3,1,4,1,5]
[3,1,4]
2022-06-16 15:04:31.760949121
>>> 
2022-06-16 15:06:31.01308038
>>> :e src/First.hs
   1  module First where
   2  
   3  double :: Int -> Int
   4  double x = x + x
   5  
   6  quadruple :: Int -> Int
   7  quadruple x = double (double x)
Ok, no modules loaded.
2022-06-16 15:10:50.238896355
>>> :l src/First.hs
[1 of 1] Compiling First            ( src/First.hs, interpreted )
Ok, one module loaded.
2022-06-16 15:10:50.277016476
>>> double

<interactive>:5:1: error:
    • No instance for (Show (Int -> Int)) arising from a use of ‘print’
        (maybe you haven't applied a function to enough arguments?)
    • In a stmt of an interactive GHCi command: print it
2022-06-16 15:13:04.318414062
>>> take (double 2) [1,2,3,4,5]
[1,2,3,4]
2022-06-16 15:15:16.10461728
>>> [1 .. 10]
[1,2,3,4,5,6,7,8,9,10]
2022-06-16 15:20:40.652410231
>>> :e
   1  module First where
   2  
   3  double :: Int -> Int
   4  double x = x + x
   5  
   6  quadruple :: Int -> Int
   7  quadruple x = double (double x)
   8  
   9  factorial :: Integer -> Integer
  10  factorial n = product[1 .. n]
  11  
[1 of 1] Compiling First            ( src/First.hs, interpreted )
Ok, one module loaded.
2022-06-16 15:21:03.020094922
>>> factorial 3
6
2022-06-16 15:22:10.311382323
>>> factorial 4
24
2022-06-16 15:22:31.644667841
>>> average [1,2,3,4,5]

<interactive>:11:1: error:
    Variable not in scope: average :: [a0] -> t
2022-06-16 15:39:57.344239572
>>> :e
   1  module First where
   2  
   3  double :: Int -> Int
   4  double x = x + x
   5  
   6  quadruple :: Int -> Int
   7  quadruple x = double (double x)
   8  
   9  factorial :: Integer -> Integer
  10  factorial n = product[1 .. n]
  11  
  12  average :: [Int] -> Int
  13  average xs = sum xs `div` length xs
  14  
  15  ave :: [Int] -> Int
  16  ave xs = div (sum xs) (length)
  17  
[1 of 1] Compiling First            ( src/First.hs, interpreted )

src/First.hs:16:24: error:
    • Couldn't match expected type ‘Int’
                  with actual type ‘t0 a0 -> Int’
    • Probable cause: ‘length’ is applied to too few arguments
      In the second argument of ‘div’, namely ‘(length)’
      In the expression: div (sum xs) (length)
      In an equation for ‘ave’: ave xs = div (sum xs) (length)
   |
16 | ave xs = div (sum xs) (length)
   |                        ^^^^^^
Failed, no modules loaded.
2022-06-16 15:40:22.101773211
>>> average [1,2,3,4,5]

<interactive>:13:1: error:
    Variable not in scope: average :: [a0] -> t
2022-06-16 15:40:49.784500914
>>> :e
   1  module First where
   2  
   3  double :: Int -> Int
   4  double x = x + x
   5  
   6  quadruple :: Int -> Int
   7  quadruple x = double (double x)
   8  
   9  factorial :: Integer -> Integer
  10  factorial n = product[1 .. n]
  11  
  12  average :: [Int] -> Int
  13  average xs = sum xs `div` length xs
  14  
  15  ave :: [Int] -> Int
  16  ave xs = div (sum xs) (length xs)
  17  
[1 of 1] Compiling First            ( src/First.hs, interpreted )
Ok, one module loaded.
2022-06-16 15:41:32.499563746
>>> average [1,2,3,4,5]
3
2022-06-16 15:41:45.208029739
>>> :t take 3 [1,2,3,4,5]
take 3 [1,2,3,4,5] :: Num a => [a]
2022-06-16 15:50:01.325863018
>>> init [1 .. 5]
[1,2,3,4]
2022-06-16 16:07:09.659477639
>>> myinit [1 .. 5]

<interactive>:18:1: error:
    • Variable not in scope: myinit :: [a0] -> t
    • Perhaps you meant ‘init’ (imported from Prelude)
2022-06-16 16:14:51.498543351
>>> :e
   1  module First where
   2  
   3  double :: Int -> Int
   4  double x = x + x
   5  
   6  quadruple :: Int -> Int
   7  quadruple x = double (double x)
   8  
   9  factorial :: Integer -> Integer
  10  factorial n = product[1 .. n]
  11  
  12  average :: [Int] -> Int
  13  average xs = sum xs `div` length xs
  14  
  15  ave :: [Int] -> Int
  16  ave xs = div (sum xs) (length xs)
  17  
  18  myinit :: [a] -> [a]
  19  myinit (x:[]) = []
  20  myinit (x:xs) = x : (init xs)
[1 of 1] Compiling First            ( src/First.hs, interpreted )
Ok, one module loaded.
2022-06-16 16:15:19.474186079
>>> myinit [1 .. 5]
[1,2,3,4]
2022-06-16 16:15:34.30890744
>>> :q
Leaving GHCi.
GHCi, version 9.0.2: https://www.haskell.org/ghc/  :? for help
Loaded GHCi configuration from /home/yuwa/bprog2022/.ghci
2022-06-23 14:54:52.235089231
>>> :i Num
type Num :: * -> Constraint
class Num a where
  (+) :: a -> a -> a
  (-) :: a -> a -> a
  (*) :: a -> a -> a
  negate :: a -> a
  abs :: a -> a
  signum :: a -> a
  fromInteger :: Integer -> a
  {-# MINIMAL (+), (*), abs, signum, fromInteger, (negate | (-)) #-}
  	-- Defined in ‘GHC.Num’
instance Num NominalDiffTime
  -- Defined in ‘time-1.9.3:Data.Time.Clock.Internal.NominalDiffTime’
instance Num DiffTime
  -- Defined in ‘time-1.9.3:Data.Time.Clock.Internal.DiffTime’
instance Num Word -- Defined in ‘GHC.Num’
instance Num Integer -- Defined in ‘GHC.Num’
instance Num Int -- Defined in ‘GHC.Num’
instance Num Float -- Defined in ‘GHC.Float’
instance Num Double -- Defined in ‘GHC.Float’
2022-06-23 14:56:31.975555672
>>> 1 == 2
False
2022-06-23 15:06:22.244298196
>>> 1 < 2
True
2022-06-23 15:06:31.016436507
>>> 1 <= 2
True
2022-06-23 15:06:47.232312247
>>> 1 >= 2
False
2022-06-23 15:07:00.649057611
>>> 'a' < 'b'
True
2022-06-23 15:11:30.598806071
>>> 'a' < 'B'
False
2022-06-23 15:11:51.384308185
>>> '' < 'a'

<interactive>:8:1: error:
    Parser error on `''`
    Character literals may not be empty
2022-06-23 15:13:21.301255126
>>> 'ab' < 'b'

<interactive>:9:1: error:
    • Syntax error on 'ab'
      Perhaps you intended to use TemplateHaskell or TemplateHaskellQuotes
    • In the Template Haskell quotation 'ab'
2022-06-23 15:13:37.606916771
>>> 1 /= 1
False
2022-06-23 15:16:07.901933802
>>> 1 /= 2
True
2022-06-23 15:16:24.564600155
>>> :info abs
type Num :: * -> Constraint
class Num a where
  ...
  abs :: a -> a
  ...
  	-- Defined in ‘GHC.Num’
2022-06-23 15:30:32.15283855
>>> abs

<interactive>:13:1: error:
    • No instance for (Show (Integer -> Integer))
        arising from a use of ‘print’
        (maybe you haven't applied a function to enough arguments?)
    • In a stmt of an interactive GHCi command: print it
2022-06-23 15:30:49.89530819
>>> abs (-234)
234
2022-06-23 15:34:49.583673368
>>> GHCi, version 9.0.2: https://www.haskell.org/ghc/  :? for help
Loaded GHCi configuration from /home/yuwa/bprog2022/.ghci
2022-06-30 14:56:44.093908368
>>> [ x ^ 2 | x <- [1 .. 5] ]
[1,4,9,16,25]
2022-06-30 15:02:00.014940749
>>> map (^2) [1 .. 5]
[1,4,9,16,25]
2022-06-30 15:04:30.964605913
>>> [ x *  2 | x <- [1 .. 5]

<interactive>:3:25: error:
    parse error (possibly incorrect indentation or mismatched brackets)
2022-06-30 15:12:41.34255637
>>> [ x * 2 | x <- [1 .. 5 ]

<interactive>:4:25: error:
    parse error (possibly incorrect indentation or mismatched brackets)
2022-06-30 15:13:31.217269422
>>>  [ x * 2 | x <- [1 .. 5] ]
[2,4,6,8,10]
2022-06-30 15:14:17.311845775
>>> [ x 'div' 2 | x <- [1 .. 5] ]

<interactive>:6:5: error:
    • Syntax error on 'div'
      Perhaps you intended to use TemplateHaskell or TemplateHaskellQuotes
    • In the Template Haskell quotation 'div'
2022-06-30 15:15:06.003859063
>>> [ x 'div' 2 | x < [1 .. 5] ]

<interactive>:7:5: error:
    • Syntax error on 'div'
      Perhaps you intended to use TemplateHaskell or TemplateHaskellQuotes
    • In the Template Haskell quotation 'div'
2022-06-30 15:16:02.437846402
>>> [ x 'div' 2 | x < [1 .. 5]]

<interactive>:8:5: error:
    • Syntax error on 'div'
      Perhaps you intended to use TemplateHaskell or TemplateHaskellQuotes
    • In the Template Haskell quotation 'div'
2022-06-30 15:16:19.204839687
>>> [ (x, y) | x <- "abc" , y <- [4,5]

<interactive>:9:35: error:
    parse error (possibly incorrect indentation or mismatched brackets)
2022-06-30 15:21:13.26320705
>>> [ (x, y) | x <- "abc", y <- [4,5] ]
[('a',4),('a',5),('b',4),('b',5),('c',4),('c',5)]
2022-06-30 15:21:50.225041144
>>> [ (x, y) | y <- [4,5] , x <- "abc"]
[('a',4),('b',4),('c',4),('a',5),('b',5),('c',5)]
2022-06-30 15:24:30.551300497
>>> l src/First.hs

<interactive>:12:7: error:
    Not in scope: ‘First.hs’
    No module named ‘First’ is imported.
2022-06-30 15:29:57.446326286
>>> :e src/First.hs
   1  module First where
   2  
   3  double :: Int -> Int
   4  double x = x + x
   5  
   6  quadruple :: Int -> Int
   7  quadruple x = double (double x)
   8  
   9  factorial :: Integer -> Integer
  10  factorial n = product[1 .. n]
  11  
  12  average :: [Int] -> Int
  13  average xs = sum xs `div` length xs
  14  
  15  ave :: [Int] -> Int
  16  ave xs = div (sum xs) (length xs)
  17  
  18  myinit :: [a] -> [a]
  19  myinit (x:[]) = []
  20  myinit (x:xs) = x : (init xs)
  21  
  22  myconcat :: [[a]] -> [a]
  23  myconcat xss = [ x | xs <- xss, x <- xs ]
Ok, no modules loaded.
2022-06-30 15:31:02.167407206
>>> :l src/First.hs
[1 of 1] Compiling First            ( src/First.hs, interpreted )
Ok, one module loaded.
2022-06-30 15:31:02.209687216
>>> myconcat [[1,2,3],[4,5],[6,7,8,9]]
[1,2,3,4,5,6,7,8,9]
2022-06-30 15:33:15.181063364
>>> [ 1 | _ <- [1 .. 5] ]
[1,1,1,1,1]
2022-06-30 15:47:54.155954774
>>> mylength ['a' .. 'z']

<interactive>:17:1: error:
    • Variable not in scope: mylength :: [Char] -> t
    • Perhaps you meant ‘length’ (imported from Prelude)
2022-06-30 15:51:09.603483177
>>> :e src/First.hs
   1  module First where
   2  
   3  double :: Int -> Int
   4  double x = x + x
   5  
   6  quadruple :: Int -> Int
   7  quadruple x = double (double x)
   8  
   9  factorial :: Integer -> Integer
  10  factorial n = product[1 .. n]
  11  
  12  average :: [Int] -> Int
  13  average xs = sum xs `div` length xs
  14  
  15  ave :: [Int] -> Int
  16  ave xs = div (sum xs) (length xs)
  17  
  18  myinit :: [a] -> [a]
  19  myinit (x:[]) = []
  20  myinit (x:xs) = x : (init xs)
  21  
  22  myconcat :: [[a]] -> [a]
  23  myconcat xss = [ x | xs <- xss, x <- xs ]
  24  
  25  mylength :: [a] -> Int
  26  mylength xs = sum [ 1 | _ <- xs ]
[1 of 1] Compiling First            ( src/First.hs, interpreted )
Ok, one module loaded.
2022-06-30 15:54:41.724405685
>>> :l src/First.hs
[1 of 1] Compiling First            ( src/First.hs, interpreted )
Ok, one module loaded.
2022-06-30 15:54:41.828802136
>>> mylength ['a' .. 'z']
26
2022-06-30 15:55:05.085924507
>>> ['a' .. 'z']
"abcdefghijklmnopqrstuvwxyz"
2022-06-30 15:55:34.180642646
>>> ['あ' .. 'ん']
"\12354\12355\12356\12357\12358\12359\12360\12361\12362\12363\12364\12365\12366\12367\12368\12369\12370\12371\12372\12373\12374\12375\12376\12377\12378\12379\12380\12381\12382\12383\12384\12385\12386\12387\12388\12389\12390\12391\12392\12393\12394\12395\12396\12397\12398\12399\12400\12401\12402\12403\12404\12405\12406\12407\12408\12409\12410\12411\12412\12413\12414\12415\12416\12417\12418\12419\12420\12421\12422\12423\12424\12425\12426\12427\12428\12429\12430\12431\12432\12433\12434\12435"
2022-06-30 15:56:06.318892948
>>> putStrLn it
あぃいぅうぇえぉおかがきぎくぐけげこごさざしじすずせぜそぞただちぢっつづてでとどなにぬねのはばぱひびぴふぶぷへべぺほぼぽまみむめもゃやゅゆょよらりるれろゎわゐゑをん
2022-06-30 15:56:32.722074831
>>> :q
Leaving GHCi.
